 Container airflow-postgres-1 Running 
 Container airflow-redis-1 Running 
 Container airflow-airflow-scheduler-1 Creating 
 Container airflow-airflow-apiserver-1 Creating 
 Container airflow-airflow-triggerer-1 Creating 
 Container airflow-airflow-dag-processor-1 Creating 
 Container airflow-airflow-scheduler-1 Created 
 Container airflow-airflow-triggerer-1 Created 
 Container airflow-airflow-apiserver-1 Created 
 Container airflow-airflow-worker-1 Creating 
 Container airflow-airflow-dag-processor-1 Created 
 Container airflow-airflow-worker-1 Created 
 Container airflow-redis-1 Waiting 
 Container airflow-postgres-1 Waiting 
 Container airflow-redis-1 Healthy 
 Container airflow-postgres-1 Healthy 
 Container airflow-airflow-init-1 Starting 
 Container airflow-airflow-init-1 Started 
 Container airflow-postgres-1 Waiting 
 Container airflow-postgres-1 Waiting 
 Container airflow-airflow-init-1 Waiting 
 Container airflow-airflow-init-1 Waiting 
 Container airflow-airflow-init-1 Waiting 
 Container airflow-airflow-init-1 Waiting 
 Container airflow-redis-1 Waiting 
 Container airflow-redis-1 Waiting 
 Container airflow-postgres-1 Waiting 
 Container airflow-redis-1 Waiting 
 Container airflow-redis-1 Waiting 
 Container airflow-postgres-1 Waiting 
 Container airflow-redis-1 Healthy 
 Container airflow-postgres-1 Healthy 
 Container airflow-postgres-1 Healthy 
 Container airflow-redis-1 Healthy 
 Container airflow-redis-1 Healthy 
 Container airflow-postgres-1 Healthy 
 Container airflow-postgres-1 Healthy 
 Container airflow-redis-1 Healthy 
 Container airflow-airflow-init-1 Exited 
 Container airflow-airflow-apiserver-1 Starting 
 Container airflow-airflow-init-1 Exited 
 Container airflow-airflow-init-1 Exited 
 Container airflow-airflow-scheduler-1 Starting 
 Container airflow-airflow-dag-processor-1 Starting 
 Container airflow-airflow-init-1 Exited 
 Container airflow-airflow-triggerer-1 Starting 
 Container airflow-airflow-triggerer-1 Started 
 Container airflow-airflow-apiserver-1 Started 
 Container airflow-postgres-1 Waiting 
 Container airflow-airflow-apiserver-1 Waiting 
 Container airflow-airflow-init-1 Waiting 
 Container airflow-redis-1 Waiting 
 Container airflow-airflow-dag-processor-1 Started 
 Container airflow-airflow-scheduler-1 Started 
 Container airflow-redis-1 Healthy 
 Container airflow-postgres-1 Healthy 
 Container airflow-airflow-init-1 Exited 
 Container airflow-airflow-apiserver-1 Healthy 
 Container airflow-airflow-worker-1 Starting 
 Container airflow-airflow-worker-1 Started 
